Archive member included to satisfy reference by file (symbol)

/opt/Atollic_TrueSTUDIO_for_STM32_x86_64_9.3.0/ARMTools/bin/../lib/gcc/arm-atollic-eabi/6.3.1/../../../../arm-atollic-eabi/lib/armv7-m/libc_nano.a(lib_a-errno.o)
                              Src/syscalls.o (__errno)
/opt/Atollic_TrueSTUDIO_for_STM32_x86_64_9.3.0/ARMTools/bin/../lib/gcc/arm-atollic-eabi/6.3.1/../../../../arm-atollic-eabi/lib/armv7-m/libc_nano.a(lib_a-impure.o)
                              /opt/Atollic_TrueSTUDIO_for_STM32_x86_64_9.3.0/ARMTools/bin/../lib/gcc/arm-atollic-eabi/6.3.1/../../../../arm-atollic-eabi/lib/armv7-m/libc_nano.a(lib_a-errno.o) (_impure_ptr)
/opt/Atollic_TrueSTUDIO_for_STM32_x86_64_9.3.0/ARMTools/bin/../lib/gcc/arm-atollic-eabi/6.3.1/../../../../arm-atollic-eabi/lib/armv7-m/libc_nano.a(lib_a-init.o)
                              startup/startup_stm32f103xb.o (__libc_init_array)
/opt/Atollic_TrueSTUDIO_for_STM32_x86_64_9.3.0/ARMTools/bin/../lib/gcc/arm-atollic-eabi/6.3.1/../../../../arm-atollic-eabi/lib/armv7-m/libc_nano.a(lib_a-memset.o)
                              Drivers/STM32F1xx_HAL_Driver/Src/stm32f1xx_hal_rcc.o (memset)
/opt/Atollic_TrueSTUDIO_for_STM32_x86_64_9.3.0/ARMTools/bin/../lib/gcc/arm-atollic-eabi/6.3.1/../../../../arm-atollic-eabi/lib/armv7-m/libc_nano.a(lib_a-sprintf.o)
                              Src/main.o (sprintf)
/opt/Atollic_TrueSTUDIO_for_STM32_x86_64_9.3.0/ARMTools/bin/../lib/gcc/arm-atollic-eabi/6.3.1/../../../../arm-atollic-eabi/lib/armv7-m/libc_nano.a(lib_a-strlen.o)
                              Src/main.o (strlen)
/opt/Atollic_TrueSTUDIO_for_STM32_x86_64_9.3.0/ARMTools/bin/../lib/gcc/arm-atollic-eabi/6.3.1/../../../../arm-atollic-eabi/lib/armv7-m/libc_nano.a(lib_a-nano-svfprintf.o)
                              /opt/Atollic_TrueSTUDIO_for_STM32_x86_64_9.3.0/ARMTools/bin/../lib/gcc/arm-atollic-eabi/6.3.1/../../../../arm-atollic-eabi/lib/armv7-m/libc_nano.a(lib_a-sprintf.o) (_svfprintf_r)
/opt/Atollic_TrueSTUDIO_for_STM32_x86_64_9.3.0/ARMTools/bin/../lib/gcc/arm-atollic-eabi/6.3.1/../../../../arm-atollic-eabi/lib/armv7-m/libc_nano.a(lib_a-nano-vfprintf_i.o)
                              /opt/Atollic_TrueSTUDIO_for_STM32_x86_64_9.3.0/ARMTools/bin/../lib/gcc/arm-atollic-eabi/6.3.1/../../../../arm-atollic-eabi/lib/armv7-m/libc_nano.a(lib_a-nano-svfprintf.o) (_printf_i)
/opt/Atollic_TrueSTUDIO_for_STM32_x86_64_9.3.0/ARMTools/bin/../lib/gcc/arm-atollic-eabi/6.3.1/../../../../arm-atollic-eabi/lib/armv7-m/libc_nano.a(lib_a-memchr-stub.o)
                              /opt/Atollic_TrueSTUDIO_for_STM32_x86_64_9.3.0/ARMTools/bin/../lib/gcc/arm-atollic-eabi/6.3.1/../../../../arm-atollic-eabi/lib/armv7-m/libc_nano.a(lib_a-nano-svfprintf.o) (memchr)
/opt/Atollic_TrueSTUDIO_for_STM32_x86_64_9.3.0/ARMTools/bin/../lib/gcc/arm-atollic-eabi/6.3.1/../../../../arm-atollic-eabi/lib/armv7-m/libc_nano.a(lib_a-memcpy-stub.o)
                              /opt/Atollic_TrueSTUDIO_for_STM32_x86_64_9.3.0/ARMTools/bin/../lib/gcc/arm-atollic-eabi/6.3.1/../../../../arm-atollic-eabi/lib/armv7-m/libc_nano.a(lib_a-nano-svfprintf.o) (memcpy)
/opt/Atollic_TrueSTUDIO_for_STM32_x86_64_9.3.0/ARMTools/bin/../lib/gcc/arm-atollic-eabi/6.3.1/../../../../arm-atollic-eabi/lib/armv7-m/libc_nano.a(lib_a-memmove.o)
                              /opt/Atollic_TrueSTUDIO_for_STM32_x86_64_9.3.0/ARMTools/bin/../lib/gcc/arm-atollic-eabi/6.3.1/../../../../arm-atollic-eabi/lib/armv7-m/libc_nano.a(lib_a-nano-svfprintf.o) (memmove)
/opt/Atollic_TrueSTUDIO_for_STM32_x86_64_9.3.0/ARMTools/bin/../lib/gcc/arm-atollic-eabi/6.3.1/../../../../arm-atollic-eabi/lib/armv7-m/libc_nano.a(lib_a-nano-freer.o)
                              /opt/Atollic_TrueSTUDIO_for_STM32_x86_64_9.3.0/ARMTools/bin/../lib/gcc/arm-atollic-eabi/6.3.1/../../../../arm-atollic-eabi/lib/armv7-m/libc_nano.a(lib_a-nano-svfprintf.o) (_free_r)
/opt/Atollic_TrueSTUDIO_for_STM32_x86_64_9.3.0/ARMTools/bin/../lib/gcc/arm-atollic-eabi/6.3.1/../../../../arm-atollic-eabi/lib/armv7-m/libc_nano.a(lib_a-nano-mallocr.o)
                              /opt/Atollic_TrueSTUDIO_for_STM32_x86_64_9.3.0/ARMTools/bin/../lib/gcc/arm-atollic-eabi/6.3.1/../../../../arm-atollic-eabi/lib/armv7-m/libc_nano.a(lib_a-nano-svfprintf.o) (_malloc_r)
/opt/Atollic_TrueSTUDIO_for_STM32_x86_64_9.3.0/ARMTools/bin/../lib/gcc/arm-atollic-eabi/6.3.1/../../../../arm-atollic-eabi/lib/armv7-m/libc_nano.a(lib_a-nano-reallocr.o)
                              /opt/Atollic_TrueSTUDIO_for_STM32_x86_64_9.3.0/ARMTools/bin/../lib/gcc/arm-atollic-eabi/6.3.1/../../../../arm-atollic-eabi/lib/armv7-m/libc_nano.a(lib_a-nano-svfprintf.o) (_realloc_r)
/opt/Atollic_TrueSTUDIO_for_STM32_x86_64_9.3.0/ARMTools/bin/../lib/gcc/arm-atollic-eabi/6.3.1/../../../../arm-atollic-eabi/lib/armv7-m/libc_nano.a(lib_a-sbrkr.o)
                              /opt/Atollic_TrueSTUDIO_for_STM32_x86_64_9.3.0/ARMTools/bin/../lib/gcc/arm-atollic-eabi/6.3.1/../../../../arm-atollic-eabi/lib/armv7-m/libc_nano.a(lib_a-nano-mallocr.o) (_sbrk_r)
[...]
Memory Configuration

Name             Origin             Length             Attributes
RAM              0x0000000020000000 0x0000000000005000 xrw
FLASH            0x0000000008000000 0x0000000000010000 xr
*default*        0x0000000000000000 0xffffffffffffffff

Linker script and memory map

LOAD /opt/Atollic_TrueSTUDIO_for_STM32_x86_64_9.3.0/ARMTools/bin/../lib/gcc/arm-atollic-eabi/6.3.1/armv7-m/crti.o
LOAD /opt/Atollic_TrueSTUDIO_for_STM32_x86_64_9.3.0/ARMTools/bin/../lib/gcc/arm-atollic-eabi/6.3.1/armv7-m/crtbegin.o
LOAD Drivers/STM32F1xx_HAL_Driver/Src/stm32f1xx_hal.o
LOAD Drivers/STM32F1xx_HAL_Driver/Src/stm32f1xx_hal_cortex.o
LOAD Drivers/STM32F1xx_HAL_Driver/Src/stm32f1xx_hal_dma.o
LOAD Drivers/STM32F1xx_HAL_Driver/Src/stm32f1xx_hal_flash.o
LOAD Drivers/STM32F1xx_HAL_Driver/Src/stm32f1xx_hal_flash_ex.o
LOAD Drivers/STM32F1xx_HAL_Driver/Src/stm32f1xx_hal_gpio.o
LOAD Drivers/STM32F1xx_HAL_Driver/Src/stm32f1xx_hal_gpio_ex.o
LOAD Drivers/STM32F1xx_HAL_Driver/Src/stm32f1xx_hal_i2c.o
LOAD Drivers/STM32F1xx_HAL_Driver/Src/stm32f1xx_hal_pwr.o
LOAD Drivers/STM32F1xx_HAL_Driver/Src/stm32f1xx_hal_rcc.o
LOAD Drivers/STM32F1xx_HAL_Driver/Src/stm32f1xx_hal_rcc_ex.o
LOAD Drivers/STM32F1xx_HAL_Driver/Src/stm32f1xx_hal_tim.o
LOAD Drivers/STM32F1xx_HAL_Driver/Src/stm32f1xx_hal_tim_ex.o
LOAD Drivers/STM32F1xx_HAL_Driver/Src/stm32f1xx_hal_uart.o
LOAD Src/MAX30102/MAX30102.o
LOAD Src/MAX30102/algorithm.o
LOAD Src/gpio.o
LOAD Src/i2c.o
LOAD Src/main.o
LOAD Src/stm32f1xx_hal_msp.o
LOAD Src/stm32f1xx_it.o
LOAD Src/syscalls.o
LOAD Src/system_stm32f1xx.o
LOAD Src/usart.o
LOAD startup/startup_stm32f103xb.o
                0x0000000000000080                malloc_getpagesize_P = 0x80
START GROUP
LOAD /opt/Atollic_TrueSTUDIO_for_STM32_x86_64_9.3.0/ARMTools/bin/../lib/gcc/arm-atollic-eabi/6.3.1/../../../../arm-atollic-eabi/lib/armv7-m/libc_nano.a
LOAD /opt/Atollic_TrueSTUDIO_for_STM32_x86_64_9.3.0/ARMTools/bin/../lib/gcc/arm-atollic-eabi/6.3.1/../../../../arm-atollic-eabi/lib/armv7-m/libm.a
END GROUP
START GROUP
LOAD /opt/Atollic_TrueSTUDIO_for_STM32_x86_64_9.3.0/ARMTools/bin/../lib/gcc/arm-atollic-eabi/6.3.1/armv7-m/libgcc.a
LOAD /opt/Atollic_TrueSTUDIO_for_STM32_x86_64_9.3.0/ARMTools/bin/../lib/gcc/arm-atollic-eabi/6.3.1/../../../../arm-atollic-eabi/lib/armv7-m/libc_nano.a
END GROUP
START GROUP
LOAD /opt/Atollic_TrueSTUDIO_for_STM32_x86_64_9.3.0/ARMTools/bin/../lib/gcc/arm-atollic-eabi/6.3.1/armv7-m/libgcc.a
LOAD /opt/Atollic_TrueSTUDIO_for_STM32_x86_64_9.3.0/ARMTools/bin/../lib/gcc/arm-atollic-eabi/6.3.1/../../../../arm-atollic-eabi/lib/armv7-m/libc_nano.a
LOAD /opt/Atollic_TrueSTUDIO_for_STM32_x86_64_9.3.0/ARMTools/bin/../lib/gcc/arm-atollic-eabi/6.3.1/../../../../arm-atollic-eabi/lib/armv7-m/libnosys.a
END GROUP
START GROUP
LOAD /opt/Atollic_TrueSTUDIO_for_STM32_x86_64_9.3.0/ARMTools/bin/../lib/gcc/arm-atollic-eabi/6.3.1/armv7-m/libgcc.a
LOAD /opt/Atollic_TrueSTUDIO_for_STM32_x86_64_9.3.0/ARMTools/bin/../lib/gcc/arm-atollic-eabi/6.3.1/../../../../arm-atollic-eabi/lib/armv7-m/libc_nano.a
LOAD /opt/Atollic_TrueSTUDIO_for_STM32_x86_64_9.3.0/ARMTools/bin/../lib/gcc/arm-atollic-eabi/6.3.1/../../../../arm-atollic-eabi/lib/armv7-m/libnosys.a
END GROUP
LOAD /opt/Atollic_TrueSTUDIO_for_STM32_x86_64_9.3.0/ARMTools/bin/../lib/gcc/arm-atollic-eabi/6.3.1/armv7-m/crtend.o
LOAD /opt/Atollic_TrueSTUDIO_for_STM32_x86_64_9.3.0/ARMTools/bin/../lib/gcc/arm-atollic-eabi/6.3.1/armv7-m/crtn.o
                0x0000000020005000                _estack = 0x20005000
                0x0000000000000200                _Min_Heap_Size = 0x200
                0x0000000000000400                _Min_Stack_Size = 0x400

.isr_vector     0x0000000008000000      0x10c
                0x0000000008000000                . = ALIGN (0x4)
 *(.isr_vector)
 .isr_vector    0x0000000008000000      0x10c startup/startup_stm32f103xb.o
                0x0000000008000000                g_pfnVectors
                0x000000000800010c                . = ALIGN (0x4)

.text           0x000000000800010c     0x3078
                0x000000000800010c                . = ALIGN (0x4)
 *(.text)
 .text          0x000000000800010c       0x40 /opt/Atollic_TrueSTUDIO_for_STM32_x86_64_9.3.0/ARMTools/bin/../lib/gcc/arm-atollic-eabi/6.3.1/armv7-m/crtbegin.o
 .text          0x000000000800014c       0x10 /opt/Atollic_TrueSTUDIO_for_STM32_x86_64_9.3.0/ARMTools/bin/../lib/gcc/arm-atollic-eabi/6.3.1/../../../../arm-atollic-eabi/lib/armv7-m/libc_nano.a(lib_a-strlen.o)
                0x000000000800014c                strlen
 .text          0x000000000800015c      0x21c /opt/Atollic_TrueSTUDIO_for_STM32_x86_64_9.3.0/ARMTools/bin/../lib/gcc/arm-atollic-eabi/6.3.1/armv7-m/libgcc.a(_arm_addsubsf3.o)
                0x000000000800015c                __aeabi_frsub
                0x0000000008000164                __subsf3
                0x0000000008000164                __aeabi_fsub
                0x0000000008000168                __aeabi_fadd
                0x0000000008000168                __addsf3
                0x00000000080002c8                __aeabi_ui2f
                0x00000000080002c8                __floatunsisf
                0x00000000080002d0                __aeabi_i2f
                0x00000000080002d0                __floatsisf
                0x00000000080002ec                __floatundisf
                0x00000000080002ec                __aeabi_ul2f
                0x00000000080002fc                __floatdisf
                0x00000000080002fc                __aeabi_l2f
 .text          0x0000000008000378      0x2a0 /opt/Atollic_TrueSTUDIO_for_STM32_x86_64_9.3.0/ARMTools/bin/../lib/gcc/arm-atollic-eabi/6.3.1/armv7-m/libgcc.a(_arm_muldivsf3.o)
                0x0000000008000378                __mulsf3
                0x0000000008000378                __aeabi_fmul
                0x00000000080004e0                __divsf3
                0x00000000080004e0                __aeabi_fdiv
 .text          0x0000000008000618       0x4c /opt/Atollic_TrueSTUDIO_for_STM32_x86_64_9.3.0/ARMTools/bin/../lib/gcc/arm-atollic-eabi/6.3.1/armv7-m/libgcc.a(_arm_fixsfsi.o)
                0x0000000008000618                __fixsfsi
                0x0000000008000618                __aeabi_f2iz
 *(.text*)
 .text.HAL_InitTick
                0x0000000008000664       0x48 Drivers/STM32F1xx_HAL_Driver/Src/stm32f1xx_hal.o
                0x0000000008000664                HAL_InitTick
 .text.HAL_Init
                0x00000000080006ac       0x24 Drivers/STM32F1xx_HAL_Driver/Src/stm32f1xx_hal.o
                0x00000000080006ac                HAL_Init
 .text.HAL_IncTick
                0x00000000080006d0       0x18 Drivers/STM32F1xx_HAL_Driver/Src/stm32f1xx_hal.o
                0x00000000080006d0                HAL_IncTick
 .text.HAL_GetTick
                0x00000000080006e8        0xc Drivers/STM32F1xx_HAL_Driver/Src/stm32f1xx_hal.o
                0x00000000080006e8                HAL_GetTick
 .text.HAL_NVIC_SetPriorityGrouping
                0x00000000080006f4       0x24 Drivers/STM32F1xx_HAL_Driver/Src/stm32f1xx_hal_cortex.o
                0x00000000080006f4                HAL_NVIC_SetPriorityGrouping
 .text.HAL_NVIC_SetPriority
                0x0000000008000718       0x68 Drivers/STM32F1xx_HAL_Driver/Src/stm32f1xx_hal_cortex.o
                0x0000000008000718                HAL_NVIC_SetPriority
 .text.HAL_NVIC_EnableIRQ
                0x0000000008000780       0x18 Drivers/STM32F1xx_HAL_Driver/Src/stm32f1xx_hal_cortex.o
                0x0000000008000780                HAL_NVIC_EnableIRQ
 .text.HAL_SYSTICK_Config
                0x0000000008000798       0x2c Drivers/STM32F1xx_HAL_Driver/Src/stm32f1xx_hal_cortex.o
                0x0000000008000798                HAL_SYSTICK_Config
 .text.HAL_GPIO_Init
                0x00000000080007c4      0x1c0 Drivers/STM32F1xx_HAL_Driver/Src/stm32f1xx_hal_gpio.o
                0x00000000080007c4                HAL_GPIO_Init
 .text.HAL_GPIO_WritePin
                0x0000000008000984        0xa Drivers/STM32F1xx_HAL_Driver/Src/stm32f1xx_hal_gpio.o
                0x0000000008000984                HAL_GPIO_WritePin
 *fill*         0x000000000800098e        0x2 
 .text.HAL_GPIO_EXTI_IRQHandler
                0x0000000008000990       0x18 Drivers/STM32F1xx_HAL_Driver/Src/stm32f1xx_hal_gpio.o
                0x0000000008000990                HAL_GPIO_EXTI_IRQHandler
 .text.I2C_IsAcknowledgeFailed
                0x00000000080009a8       0x2a Drivers/STM32F1xx_HAL_Driver/Src/stm32f1xx_hal_i2c.o
 .text.I2C_WaitOnMasterAddressFlagUntilTimeout
                0x00000000080009d2       0x80 Drivers/STM32F1xx_HAL_Driver/Src/stm32f1xx_hal_i2c.o
 .text.I2C_WaitOnFlagUntilTimeout
                0x0000000008000a52       0x5c Drivers/STM32F1xx_HAL_Driver/Src/stm32f1xx_hal_i2c.o
 .text.I2C_WaitOnTXEFlagUntilTimeout
                0x0000000008000aae       0x4c Drivers/STM32F1xx_HAL_Driver/Src/stm32f1xx_hal_i2c.o
 *fill*         0x0000000008000afa        0x2 
 .text.I2C_RequestMemoryWrite
                0x0000000008000afc       0xa4 Drivers/STM32F1xx_HAL_Driver/Src/stm32f1xx_hal_i2c.o
 .text.I2C_RequestMemoryRead
                0x0000000008000ba0       0xf4 Drivers/STM32F1xx_HAL_Driver/Src/stm32f1xx_hal_i2c.o
 .text.I2C_WaitOnRXNEFlagUntilTimeout
                0x0000000008000c94       0x5a Drivers/STM32F1xx_HAL_Driver/Src/stm32f1xx_hal_i2c.o
 .text.I2C_WaitOnBTFFlagUntilTimeout
                0x0000000008000cee       0x4c Drivers/STM32F1xx_HAL_Driver/Src/stm32f1xx_hal_i2c.o
 *fill*         0x0000000008000d3a        0x2 
 .text.HAL_I2C_Init
                0x0000000008000d3c      0x100 Drivers/STM32F1xx_HAL_Driver/Src/stm32f1xx_hal_i2c.o
                0x0000000008000d3c                HAL_I2C_Init
 .text.HAL_I2C_Mem_Write
                0x0000000008000e3c      0x12c Drivers/STM32F1xx_HAL_Driver/Src/stm32f1xx_hal_i2c.o
                0x0000000008000e3c                HAL_I2C_Mem_Write
 .text.HAL_I2C_Mem_Read
                0x0000000008000f68      0x240 Drivers/STM32F1xx_HAL_Driver/Src/stm32f1xx_hal_i2c.o
                0x0000000008000f68                HAL_I2C_Mem_Read
 .text.HAL_RCC_OscConfig
                0x00000000080011a8      0x318 Drivers/STM32F1xx_HAL_Driver/Src/stm32f1xx_hal_rcc.o
                0x00000000080011a8                HAL_RCC_OscConfig
 .text.HAL_RCC_GetSysClockFreq
                0x00000000080014c0       0x78 Drivers/STM32F1xx_HAL_Driver/Src/stm32f1xx_hal_rcc.o
                0x00000000080014c0                HAL_RCC_GetSysClockFreq
 .text.HAL_RCC_ClockConfig
                0x0000000008001538      0x164 Drivers/STM32F1xx_HAL_Driver/Src/stm32f1xx_hal_rcc.o
                0x0000000008001538                HAL_RCC_ClockConfig
 .text.HAL_RCC_GetPCLK1Freq
                0x000000000800169c       0x20 Drivers/STM32F1xx_HAL_Driver/Src/stm32f1xx_hal_rcc.o
                0x000000000800169c                HAL_RCC_GetPCLK1Freq
 .text.HAL_RCC_GetPCLK2Freq
                0x00000000080016bc       0x20 Drivers/STM32F1xx_HAL_Driver/Src/stm32f1xx_hal_rcc.o
                0x00000000080016bc                HAL_RCC_GetPCLK2Freq
 .text.UART_SetConfig
                0x00000000080016dc      0x13c Drivers/STM32F1xx_HAL_Driver/Src/stm32f1xx_hal_uart.o
 .text.UART_WaitOnFlagUntilTimeout.constprop.3
                0x0000000008001818       0x50 Drivers/STM32F1xx_HAL_Driver/Src/stm32f1xx_hal_uart.o
 .text.HAL_UART_Init
                0x0000000008001868       0x5c Drivers/STM32F1xx_HAL_Driver/Src/stm32f1xx_hal_uart.o
                0x0000000008001868                HAL_UART_Init
 .text.HAL_UART_Transmit
                0x00000000080018c4       0xb8 Drivers/STM32F1xx_HAL_Driver/Src/stm32f1xx_hal_uart.o
                0x00000000080018c4                HAL_UART_Transmit
 .text.Max30102_WriteReg
                0x000000000800197c       0x2c Src/MAX30102/MAX30102.o
                0x000000000800197c                Max30102_WriteReg
 .text.Max30102_ReadReg
                0x00000000080019a8       0x28 Src/MAX30102/MAX30102.o
                0x00000000080019a8                Max30102_ReadReg
 .text.Max30102_WriteRegisterBit
                0x00000000080019d0       0x40 Src/MAX30102/MAX30102.o
                0x00000000080019d0                Max30102_WriteRegisterBit
 .text.Max30102_ReadFifo
                0x0000000008001a10       0x8c Src/MAX30102/MAX30102.o
                0x0000000008001a10                Max30102_ReadFifo
 .text.Max30102_SetIntAlmostFullEnabled
                0x0000000008001a9c        0xa Src/MAX30102/MAX30102.o
                0x0000000008001a9c                Max30102_SetIntAlmostFullEnabled
 .text.Max30102_SetIntFifoDataReadyEnabled
                0x0000000008001aa6        0xa Src/MAX30102/MAX30102.o
                0x0000000008001aa6                Max30102_SetIntFifoDataReadyEnabled
 .text.Max30102_ReadInterruptStatus
                0x0000000008001ab0       0x2c Src/MAX30102/MAX30102.o
                0x0000000008001ab0                Max30102_ReadInterruptStatus
 .text.Max30102_InterruptCallback
                0x0000000008001adc      0x104 Src/MAX30102/MAX30102.o
                0x0000000008001adc                Max30102_InterruptCallback
 .text.Max30102_FifoWritePointer
                0x0000000008001be0       0x14 Src/MAX30102/MAX30102.o
                0x0000000008001be0                Max30102_FifoWritePointer
 .text.Max30102_FifoOverflowCounter
                0x0000000008001bf4       0x14 Src/MAX30102/MAX30102.o
                0x0000000008001bf4                Max30102_FifoOverflowCounter
 .text.Max30102_FifoReadPointer
                0x0000000008001c08       0x14 Src/MAX30102/MAX30102.o
                0x0000000008001c08                Max30102_FifoReadPointer
 .text.Max30102_FifoSampleAveraging
                0x0000000008001c1c       0x38 Src/MAX30102/MAX30102.o
                0x0000000008001c1c                Max30102_FifoSampleAveraging
 .text.Max30102_FifoRolloverEnable
                0x0000000008001c54        0xc Src/MAX30102/MAX30102.o
                0x0000000008001c54                Max30102_FifoRolloverEnable
 .text.Max30102_FifoAlmostFullValue
                0x0000000008001c60       0x46 Src/MAX30102/MAX30102.o
                0x0000000008001c60                Max30102_FifoAlmostFullValue
 .text.Max30102_Reset
                0x0000000008001ca6       0x34 Src/MAX30102/MAX30102.o
                0x0000000008001ca6                Max30102_Reset
 .text.Max30102_SetMode
                0x0000000008001cda       0x38 Src/MAX30102/MAX30102.o
                0x0000000008001cda                Max30102_SetMode
 .text.Max30102_SpO2AdcRange
                0x0000000008001d12       0x3a Src/MAX30102/MAX30102.o
                0x0000000008001d12                Max30102_SpO2AdcRange
 .text.Max30102_SpO2SampleRate
                0x0000000008001d4c       0x3a Src/MAX30102/MAX30102.o
                0x0000000008001d4c                Max30102_SpO2SampleRate
 .text.Max30102_SpO2LedPulseWidth
                0x0000000008001d86       0x38 Src/MAX30102/MAX30102.o
                0x0000000008001d86                Max30102_SpO2LedPulseWidth
 .text.Max30102_Led1PulseAmplitude
                0x0000000008001dbe       0x12 Src/MAX30102/MAX30102.o
                0x0000000008001dbe                Max30102_Led1PulseAmplitude
 .text.Max30102_Led2PulseAmplitude
                0x0000000008001dd0       0x12 Src/MAX30102/MAX30102.o
                0x0000000008001dd0                Max30102_Led2PulseAmplitude
 *fill*         0x0000000008001de2        0x2 
 .text.Max30102_GetHeartRate
                0x0000000008001de4        0xc Src/MAX30102/MAX30102.o
                0x0000000008001de4                Max30102_GetHeartRate
 .text.Max30102_GetSpO2Value
                0x0000000008001df0        0xc Src/MAX30102/MAX30102.o
                0x0000000008001df0                Max30102_GetSpO2Value
 .text.Max30102_Task
                0x0000000008001dfc       0xec Src/MAX30102/MAX30102.o
                0x0000000008001dfc                Max30102_Task
 .text.Max30102_Init
                0x0000000008001ee8       0xb8 Src/MAX30102/MAX30102.o
                0x0000000008001ee8                Max30102_Init
 .text.maxim_peaks_above_min_height
                0x0000000008001fa0       0x72 Src/MAX30102/algorithm.o
                0x0000000008001fa0                maxim_peaks_above_min_height
 .text.maxim_sort_ascend
                0x0000000008002012       0x2c Src/MAX30102/algorithm.o
                0x0000000008002012                maxim_sort_ascend
 .text.maxim_sort_indices_descend
                0x000000000800203e       0x40 Src/MAX30102/algorithm.o
                0x000000000800203e                maxim_sort_indices_descend
 .text.maxim_remove_close_peaks
                0x000000000800207e       0x78 Src/MAX30102/algorithm.o
                0x000000000800207e                maxim_remove_close_peaks
 .text.maxim_find_peaks
                0x00000000080020f6       0x26 Src/MAX30102/algorithm.o
                0x00000000080020f6                maxim_find_peaks
 .text.maxim_heart_rate_and_oxygen_saturation
                0x000000000800211c      0x3a4 Src/MAX30102/algorithm.o
                0x000000000800211c                maxim_heart_rate_and_oxygen_saturation
 .text.MX_GPIO_Init
                0x00000000080024c0       0x98 Src/gpio.o
                0x00000000080024c0                MX_GPIO_Init
 .text.MX_I2C1_Init
                0x0000000008002558       0x40 Src/i2c.o
                0x0000000008002558                MX_I2C1_Init
 .text.HAL_I2C_MspInit
                0x0000000008002598       0x64 Src/i2c.o
                0x0000000008002598                HAL_I2C_MspInit
 .text.UART2_SendString
                0x00000000080025fc       0x20 Src/main.o
                0x00000000080025fc                UART2_SendString
 .text.SystemClock_Config
                0x000000000800261c       0x44 Src/main.o
                0x000000000800261c                SystemClock_Config
 .text.startup.main
                0x0000000008002660       0x68 Src/main.o
                0x0000000008002660                main
 .text.HAL_GPIO_EXTI_Callback
                0x00000000080026c8        0xa Src/main.o
                0x00000000080026c8                HAL_GPIO_EXTI_Callback
 .text.Error_Handler
                0x00000000080026d2        0x2 Src/main.o
                0x00000000080026d2                Error_Handler
 .text.HAL_MspInit
                0x00000000080026d4       0x44 Src/stm32f1xx_hal_msp.o
                0x00000000080026d4                HAL_MspInit
 .text.NMI_Handler
                0x0000000008002718        0x2 Src/stm32f1xx_it.o
                0x0000000008002718                NMI_Handler
 .text.HardFault_Handler
                0x000000000800271a        0x2 Src/stm32f1xx_it.o
                0x000000000800271a                HardFault_Handler
 .text.MemManage_Handler
                0x000000000800271c        0x2 Src/stm32f1xx_it.o
                0x000000000800271c                MemManage_Handler
 .text.BusFault_Handler
                0x000000000800271e        0x2 Src/stm32f1xx_it.o
                0x000000000800271e                BusFault_Handler
 .text.UsageFault_Handler
                0x0000000008002720        0x2 Src/stm32f1xx_it.o
                0x0000000008002720                UsageFault_Handler
 .text.SVC_Handler
                0x0000000008002722        0x2 Src/stm32f1xx_it.o
                0x0000000008002722                SVC_Handler
 .text.DebugMon_Handler
                0x0000000008002724        0x2 Src/stm32f1xx_it.o
                0x0000000008002724                DebugMon_Handler
 .text.PendSV_Handler
                0x0000000008002726        0x2 Src/stm32f1xx_it.o
                0x0000000008002726                PendSV_Handler
 .text.SysTick_Handler
                0x0000000008002728        0x4 Src/stm32f1xx_it.o
                0x0000000008002728                SysTick_Handler
 .text.EXTI9_5_IRQHandler
                0x000000000800272c        0x6 Src/stm32f1xx_it.o
                0x000000000800272c                EXTI9_5_IRQHandler
 *fill*         0x0000000008002732        0x2 
 .text._sbrk    0x0000000008002734       0x34 Src/syscalls.o
                0x0000000008002734                _sbrk
 .text.SystemInit
                0x0000000008002768       0x4c Src/system_stm32f1xx.o
                0x0000000008002768                SystemInit
 .text.MX_USART1_UART_Init
                0x00000000080027b4       0x38 Src/usart.o
                0x00000000080027b4                MX_USART1_UART_Init
 .text.HAL_UART_MspInit
                0x00000000080027ec       0x78 Src/usart.o
                0x00000000080027ec                HAL_UART_MspInit
 .text.Reset_Handler
                0x0000000008002864       0x48 startup/startup_stm32f103xb.o
                0x0000000008002864                Reset_Handler
 .text.Default_Handler
                0x00000000080028ac        0x2 startup/startup_stm32f103xb.o
                0x00000000080028ac                RTC_Alarm_IRQHandler
                0x00000000080028ac                EXTI2_IRQHandler
                0x00000000080028ac                TIM1_CC_IRQHandler
                0x00000000080028ac                PVD_IRQHandler
                0x00000000080028ac                EXTI3_IRQHandler
                0x00000000080028ac                EXTI0_IRQHandler
                0x00000000080028ac                I2C2_EV_IRQHandler
                0x00000000080028ac                ADC1_2_IRQHandler
                0x00000000080028ac                SPI1_IRQHandler
                0x00000000080028ac                TAMPER_IRQHandler
                0x00000000080028ac                DMA1_Channel4_IRQHandler
                0x00000000080028ac                USART3_IRQHandler
                0x00000000080028ac                RTC_IRQHandler
                0x00000000080028ac                DMA1_Channel7_IRQHandler
                0x00000000080028ac                CAN1_RX1_IRQHandler
                0x00000000080028ac                TIM4_IRQHandler
                0x00000000080028ac                I2C1_EV_IRQHandler
                0x00000000080028ac                DMA1_Channel6_IRQHandler
                0x00000000080028ac                TIM3_IRQHandler
                0x00000000080028ac                RCC_IRQHandler
                0x00000000080028ac                TIM1_TRG_COM_IRQHandler
                0x00000000080028ac                DMA1_Channel1_IRQHandler
                0x00000000080028ac                Default_Handler
                0x00000000080028ac                EXTI15_10_IRQHandler
                0x00000000080028ac                SPI2_IRQHandler
                0x00000000080028ac                DMA1_Channel5_IRQHandler
                0x00000000080028ac                EXTI4_IRQHandler
                0x00000000080028ac                USB_LP_CAN1_RX0_IRQHandler
                0x00000000080028ac                USB_HP_CAN1_TX_IRQHandler
                0x00000000080028ac                DMA1_Channel3_IRQHandler
                0x00000000080028ac                TIM1_UP_IRQHandler
                0x00000000080028ac                WWDG_IRQHandler
                0x00000000080028ac                TIM2_IRQHandler
                0x00000000080028ac                TIM1_BRK_IRQHandler
                0x00000000080028ac                EXTI1_IRQHandler
                0x00000000080028ac                USART2_IRQHandler
                0x00000000080028ac                I2C2_ER_IRQHandler
                0x00000000080028ac                DMA1_Channel2_IRQHandler
                0x00000000080028ac                CAN1_SCE_IRQHandler
                0x00000000080028ac                FLASH_IRQHandler
                0x00000000080028ac                USART1_IRQHandler
                0x00000000080028ac                I2C1_ER_IRQHandler
                0x00000000080028ac                USBWakeUp_IRQHandler
 *fill*         0x00000000080028ae        0x2 
 .text.__errno  0x00000000080028b0        0xc /opt/Atollic_TrueSTUDIO_for_STM32_x86_64_9.3.0/ARMTools/bin/../lib/gcc/arm-atollic-eabi/6.3.1/../../../../arm-atollic-eabi/lib/armv7-m/libc_nano.a(lib_a-errno.o)
                0x00000000080028b0                __errno
 .text.__libc_init_array
                0x00000000080028bc       0x48 /opt/Atollic_TrueSTUDIO_for_STM32_x86_64_9.3.0/ARMTools/bin/../lib/gcc/arm-atollic-eabi/6.3.1/../../../../arm-atollic-eabi/lib/armv7-m/libc_nano.a(lib_a-init.o)
                0x00000000080028bc                __libc_init_array
 .text.memset   0x0000000008002904       0x10 /opt/Atollic_TrueSTUDIO_for_STM32_x86_64_9.3.0/ARMTools/bin/../lib/gcc/arm-atollic-eabi/6.3.1/../../../../arm-atollic-eabi/lib/armv7-m/libc_nano.a(lib_a-memset.o)
                0x0000000008002904                memset
 .text.sprintf  0x0000000008002914       0x48 /opt/Atollic_TrueSTUDIO_for_STM32_x86_64_9.3.0/ARMTools/bin/../lib/gcc/arm-atollic-eabi/6.3.1/../../../../arm-atollic-eabi/lib/armv7-m/libc_nano.a(lib_a-sprintf.o)
                0x0000000008002914                sprintf
                0x0000000008002914                siprintf
 .text.__ssputs_r
                0x000000000800295c       0xb6 /opt/Atollic_TrueSTUDIO_for_STM32_x86_64_9.3.0/ARMTools/bin/../lib/gcc/arm-atollic-eabi/6.3.1/../../../../arm-atollic-eabi/lib/armv7-m/libc_nano.a(lib_a-nano-svfprintf.o)
                0x000000000800295c                __ssputs_r
 *fill*         0x0000000008002a12        0x2 
 .text._svfprintf_r
                0x0000000008002a14      0x1e8 /opt/Atollic_TrueSTUDIO_for_STM32_x86_64_9.3.0/ARMTools/bin/../lib/gcc/arm-atollic-eabi/6.3.1/../../../../arm-atollic-eabi/lib/armv7-m/libc_nano.a(lib_a-nano-svfprintf.o)
                0x0000000008002a14                _svfprintf_r
                0x0000000008002a14                _svfiprintf_r
 .text._printf_common
                0x0000000008002bfc       0xee /opt/Atollic_TrueSTUDIO_for_STM32_x86_64_9.3.0/ARMTools/bin/../lib/gcc/arm-atollic-eabi/6.3.1/../../../../arm-atollic-eabi/lib/armv7-m/libc_nano.a(lib_a-nano-vfprintf_i.o)
                0x0000000008002bfc                _printf_common
 *fill*         0x0000000008002cea        0x2 
 .text._printf_i
                0x0000000008002cec      0x240 /opt/Atollic_TrueSTUDIO_for_STM32_x86_64_9.3.0/ARMTools/bin/../lib/gcc/arm-atollic-eabi/6.3.1/../../../../arm-atollic-eabi/lib/armv7-m/libc_nano.a(lib_a-nano-vfprintf_i.o)
                0x0000000008002cec                _printf_i
 .text.memchr   0x0000000008002f2c       0x1c /opt/Atollic_TrueSTUDIO_for_STM32_x86_64_9.3.0/ARMTools/bin/../lib/gcc/arm-atollic-eabi/6.3.1/../../../../arm-atollic-eabi/lib/armv7-m/libc_nano.a(lib_a-memchr-stub.o)
                0x0000000008002f2c                memchr
 .text.memcpy   0x0000000008002f48       0x16 /opt/Atollic_TrueSTUDIO_for_STM32_x86_64_9.3.0/ARMTools/bin/../lib/gcc/arm-atollic-eabi/6.3.1/../../../../arm-atollic-eabi/lib/armv7-m/libc_nano.a(lib_a-memcpy-stub.o)
                0x0000000008002f48                memcpy
 .text.memmove  0x0000000008002f5e       0x34 /opt/Atollic_TrueSTUDIO_for_STM32_x86_64_9.3.0/ARMTools/bin/../lib/gcc/arm-atollic-eabi/6.3.1/../../../../arm-atollic-eabi/lib/armv7-m/libc_nano.a(lib_a-memmove.o)
                0x0000000008002f5e                memmove
 *fill*         0x0000000008002f92        0x2 
 .text._free_r  0x0000000008002f94       0x98 /opt/Atollic_TrueSTUDIO_for_STM32_x86_64_9.3.0/ARMTools/bin/../lib/gcc/arm-atollic-eabi/6.3.1/../../../../arm-atollic-eabi/lib/armv7-m/libc_nano.a(lib_a-nano-freer.o)
                0x0000000008002f94                _free_r
 .text._malloc_r
                0x000000000800302c       0xbc /opt/Atollic_TrueSTUDIO_for_STM32_x86_64_9.3.0/ARMTools/bin/../lib/gcc/arm-atollic-eabi/6.3.1/../../../../arm-atollic-eabi/lib/armv7-m/libc_nano.a(lib_a-nano-mallocr.o)
                0x000000000800302c                _malloc_r
 .text._realloc_r
                0x00000000080030e8       0x4c /opt/Atollic_TrueSTUDIO_for_STM32_x86_64_9.3.0/ARMTools/bin/../lib/gcc/arm-atollic-eabi/6.3.1/../../../../arm-atollic-eabi/lib/armv7-m/libc_nano.a(lib_a-nano-reallocr.o)
                0x00000000080030e8                _realloc_r
 .text._sbrk_r  0x0000000008003134       0x20 /opt/Atollic_TrueSTUDIO_for_STM32_x86_64_9.3.0/ARMTools/bin/../lib/gcc/arm-atollic-eabi/6.3.1/../../../../arm-atollic-eabi/lib/armv7-m/libc_nano.a(lib_a-sbrkr.o)
                0x0000000008003134                _sbrk_r
 .text.__malloc_lock
                0x0000000008003154        0x2 /opt/Atollic_TrueSTUDIO_for_STM32_x86_64_9.3.0/ARMTools/bin/../lib/gcc/arm-atollic-eabi/6.3.1/../../../../arm-atollic-eabi/lib/armv7-m/libc_nano.a(lib_a-mlock.o)
                0x0000000008003154                __malloc_lock
 .text.__malloc_unlock
                0x0000000008003156        0x2 /opt/Atollic_TrueSTUDIO_for_STM32_x86_64_9.3.0/ARMTools/bin/../lib/gcc/arm-atollic-eabi/6.3.1/../../../../arm-atollic-eabi/lib/armv7-m/libc_nano.a(lib_a-mlock.o)
                0x0000000008003156                __malloc_unlock
 .text._malloc_usable_size_r
                0x0000000008003158       0x12 /opt/Atollic_TrueSTUDIO_for_STM32_x86_64_9.3.0/ARMTools/bin/../lib/gcc/arm-atollic-eabi/6.3.1/../../../../arm-atollic-eabi/lib/armv7-m/libc_nano.a(lib_a-nano-msizer.o)
                0x0000000008003158                _malloc_usable_size_r
 *(.glue_7)
 .glue_7        0x000000000800316a        0x0 linker stubs
 *(.glue_7t)
 .glue_7t       0x000000000800316a        0x0 linker stubs
 *(.eh_frame)
 *fill*         0x000000000800316a        0x2 
 .eh_frame      0x000000000800316c        0x0 /opt/Atollic_TrueSTUDIO_for_STM32_x86_64_9.3.0/ARMTools/bin/../lib/gcc/arm-atollic-eabi/6.3.1/armv7-m/crtbegin.o
 *(.init)
 .init          0x000000000800316c        0x4 /opt/Atollic_TrueSTUDIO_for_STM32_x86_64_9.3.0/ARMTools/bin/../lib/gcc/arm-atollic-eabi/6.3.1/armv7-m/crti.o
                0x000000000800316c                _init
 .init          0x0000000008003170        0x8 /opt/Atollic_TrueSTUDIO_for_STM32_x86_64_9.3.0/ARMTools/bin/../lib/gcc/arm-atollic-eabi/6.3.1/armv7-m/crtn.o
 *(.fini)
 .fini          0x0000000008003178        0x4 /opt/Atollic_TrueSTUDIO_for_STM32_x86_64_9.3.0/ARMTools/bin/../lib/gcc/arm-atollic-eabi/6.3.1/armv7-m/crti.o
                0x0000000008003178                _fini
 .fini          0x000000000800317c        0x8 /opt/Atollic_TrueSTUDIO_for_STM32_x86_64_9.3.0/ARMTools/bin/../lib/gcc/arm-atollic-eabi/6.3.1/armv7-m/crtn.o
                0x0000000008003184                . = ALIGN (0x4)
                0x0000000008003184                _etext = .

.vfp11_veneer   0x0000000008003184        0x0
 .vfp11_veneer  0x0000000008003184        0x0 linker stubs

.v4_bx          0x0000000008003184        0x0
 .v4_bx         0x0000000008003184        0x0 linker stubs

.iplt           0x0000000008003184        0x0
 .iplt          0x0000000008003184        0x0 /opt/Atollic_TrueSTUDIO_for_STM32_x86_64_9.3.0/ARMTools/bin/../lib/gcc/arm-atollic-eabi/6.3.1/armv7-m/crtbegin.o

.rodata         0x0000000008003184      0x170
                0x0000000008003184                . = ALIGN (0x4)
 *(.rodata)
 .rodata        0x0000000008003184       0x10 Drivers/STM32F1xx_HAL_Driver/Src/stm32f1xx_hal_rcc.o
 *(.rodata*)
 .rodata.auw_hamm
                0x0000000008003194       0x3e Src/MAX30102/algorithm.o
                0x0000000008003194                auw_hamm
 .rodata.uch_spo2_table
                0x00000000080031d2       0xb8 Src/MAX30102/algorithm.o
                0x00000000080031d2                uch_spo2_table
 .rodata.main.str1.1
                0x000000000800328a       0x1d Src/main.o
 .rodata.AHBPrescTable
                0x00000000080032a7       0x10 Src/system_stm32f1xx.o
                0x00000000080032a7                AHBPrescTable
 .rodata.APBPrescTable
                0x00000000080032b7        0x8 Src/system_stm32f1xx.o
                0x00000000080032b7                APBPrescTable
 .rodata._svfprintf_r.str1.1
                0x00000000080032bf       0x11 /opt/Atollic_TrueSTUDIO_for_STM32_x86_64_9.3.0/ARMTools/bin/../lib/gcc/arm-atollic-eabi/6.3.1/../../../../arm-atollic-eabi/lib/armv7-m/libc_nano.a(lib_a-nano-svfprintf.o)
 .rodata._printf_i.str1.1
                0x00000000080032d0       0x22 /opt/Atollic_TrueSTUDIO_for_STM32_x86_64_9.3.0/ARMTools/bin/../lib/gcc/arm-atollic-eabi/6.3.1/../../../../arm-atollic-eabi/lib/armv7-m/libc_nano.a(lib_a-nano-vfprintf_i.o)
                0x00000000080032f4                . = ALIGN (0x4)
 *fill*         0x00000000080032f2        0x2 

.rel.dyn        0x00000000080032f4        0x0
 .rel.iplt      0x00000000080032f4        0x0 /opt/Atollic_TrueSTUDIO_for_STM32_x86_64_9.3.0/ARMTools/bin/../lib/gcc/arm-atollic-eabi/6.3.1/armv7-m/crtbegin.o

.ARM.extab
 *(.ARM.extab* .gnu.linkonce.armextab.*)

.ARM            0x00000000080032f4        0x0
                0x00000000080032f4                __exidx_start = .
 *(.ARM.exidx*)
                0x00000000080032f4                __exidx_end = .

.preinit_array  0x00000000080032f4        0x0
                0x00000000080032f4                PROVIDE (__preinit_array_start, .)
 *(.preinit_array*)
                0x00000000080032f4                PROVIDE (__preinit_array_end, .)

.init_array     0x00000000080032f4        0x4
                0x00000000080032f4                PROVIDE (__init_array_start, .)
 *(SORT(.init_array.*))
 *(.init_array*)
 .init_array    0x00000000080032f4        0x4 /opt/Atollic_TrueSTUDIO_for_STM32_x86_64_9.3.0/ARMTools/bin/../lib/gcc/arm-atollic-eabi/6.3.1/armv7-m/crtbegin.o
                0x00000000080032f8                PROVIDE (__init_array_end, .)

.fini_array     0x00000000080032f8        0x4
                [!provide]                        PROVIDE (__fini_array_start, .)
 *(SORT(.fini_array.*))
 *(.fini_array*)
 .fini_array    0x00000000080032f8        0x4 /opt/Atollic_TrueSTUDIO_for_STM32_x86_64_9.3.0/ARMTools/bin/../lib/gcc/arm-atollic-eabi/6.3.1/armv7-m/crtbegin.o
                [!provide]                        PROVIDE (__fini_array_end, .)
                0x00000000080032fc                _sidata = LOADADDR (.data)

.data           0x0000000020000000       0x70 load address 0x00000000080032fc
                0x0000000020000000                . = ALIGN (0x4)
                0x0000000020000000                _sdata = .
 *(.data)
 *(.data*)
 .data.uwTickFreq
                0x0000000020000000        0x1 Drivers/STM32F1xx_HAL_Driver/Src/stm32f1xx_hal.o
                0x0000000020000000                uwTickFreq
 *fill*         0x0000000020000001        0x3 
 .data.uwTickPrio
                0x0000000020000004        0x4 Drivers/STM32F1xx_HAL_Driver/Src/stm32f1xx_hal.o
                0x0000000020000004                uwTickPrio
 .data.SystemCoreClock
                0x0000000020000008        0x4 Src/system_stm32f1xx.o
                0x0000000020000008                SystemCoreClock
 .data._impure_ptr
                0x000000002000000c        0x4 /opt/Atollic_TrueSTUDIO_for_STM32_x86_64_9.3.0/ARMTools/bin/../lib/gcc/arm-atollic-eabi/6.3.1/../../../../arm-atollic-eabi/lib/armv7-m/libc_nano.a(lib_a-impure.o)
                0x000000002000000c                _impure_ptr
 .data.impure_data
                0x0000000020000010       0x60 /opt/Atollic_TrueSTUDIO_for_STM32_x86_64_9.3.0/ARMTools/bin/../lib/gcc/arm-atollic-eabi/6.3.1/../../../../arm-atollic-eabi/lib/armv7-m/libc_nano.a(lib_a-impure.o)
                0x0000000020000070                . = ALIGN (0x4)
                0x0000000020000070                _edata = .

.igot.plt       0x0000000020000070        0x0 load address 0x000000000800336c
 .igot.plt      0x0000000020000070        0x0 /opt/Atollic_TrueSTUDIO_for_STM32_x86_64_9.3.0/ARMTools/bin/../lib/gcc/arm-atollic-eabi/6.3.1/armv7-m/crtbegin.o
                0x0000000020000070                . = ALIGN (0x4)

.bss            0x0000000020000070     0x2b28 load address 0x000000000800336c
                0x0000000020000070                _sbss = .
                0x0000000020000070                __bss_start__ = _sbss
 *(.bss)
 .bss           0x0000000020000070       0x1c /opt/Atollic_TrueSTUDIO_for_STM32_x86_64_9.3.0/ARMTools/bin/../lib/gcc/arm-atollic-eabi/6.3.1/armv7-m/crtbegin.o
 *(.bss*)
 .bss.an_dx     0x000000002000008c      0x7c0 Src/MAX30102/algorithm.o
 .bss.an_x      0x000000002000084c      0x7d0 Src/MAX30102/algorithm.o
 .bss.an_y      0x000000002000101c      0x7d0 Src/MAX30102/algorithm.o
 .bss.heap_end.5887
                0x00000000200017ec        0x4 Src/syscalls.o
 .bss.__malloc_free_list
                0x00000000200017f0        0x4 /opt/Atollic_TrueSTUDIO_for_STM32_x86_64_9.3.0/ARMTools/bin/../lib/gcc/arm-atollic-eabi/6.3.1/../../../../arm-atollic-eabi/lib/armv7-m/libc_nano.a(lib_a-nano-mallocr.o)
                0x00000000200017f0                __malloc_free_list
 .bss.__malloc_sbrk_start
                0x00000000200017f4        0x4 /opt/Atollic_TrueSTUDIO_for_STM32_x86_64_9.3.0/ARMTools/bin/../lib/gcc/arm-atollic-eabi/6.3.1/../../../../arm-atollic-eabi/lib/armv7-m/libc_nano.a(lib_a-nano-mallocr.o)
                0x00000000200017f4                __malloc_sbrk_start
 *(COMMON)
 COMMON         0x00000000200017f8        0x4 Drivers/STM32F1xx_HAL_Driver/Src/stm32f1xx_hal.o
                0x00000000200017f8                uwTick
 COMMON         0x00000000200017fc     0x12e4 Src/MAX30102/MAX30102.o
                0x00000000200017fc                CollectedSamples
                0x0000000020001800                i2c_max30102
                0x0000000020001804                StateMachine
                0x0000000020001805                IsFingerOnScreen
                0x0000000020001808                BufferHead
                0x000000002000180c                HeartRate
                0x0000000020001810                IrBuffer
                0x0000000020002170                Sp02IsValid
                0x0000000020002174                BufferTail
                0x0000000020002178                RedBuffer
                0x0000000020002ad8                IsHrValid
                0x0000000020002adc                Sp02Value
 COMMON         0x0000000020002ae0       0x54 Src/i2c.o
                0x0000000020002ae0                hi2c1
 COMMON         0x0000000020002b34       0x20 Src/main.o
                0x0000000020002b34                UartBuffer
 COMMON         0x0000000020002b54       0x40 Src/usart.o
                0x0000000020002b54                huart1
 COMMON         0x0000000020002b94        0x4 /opt/Atollic_TrueSTUDIO_for_STM32_x86_64_9.3.0/ARMTools/bin/../lib/gcc/arm-atollic-eabi/6.3.1/../../../../arm-atollic-eabi/lib/armv7-m/libc_nano.a(lib_a-reent.o)
                0x0000000020002b94                errno
                0x0000000020002b98                . = ALIGN (0x4)
                0x0000000020002b98                _ebss = .
                0x0000000020002b98                __bss_end__ = _ebss

._user_heap_stack
                0x0000000020002b98      0x600 load address 0x000000000800336c
                0x0000000020002b98                . = ALIGN (0x4)
                0x0000000020002b98                PROVIDE (end, .)
                [!provide]                        PROVIDE (_end, .)
                0x0000000020002d98                . = (. + _Min_Heap_Size)
 *fill*         0x0000000020002b98      0x200 
                0x0000000020003198                . = (. + _Min_Stack_Size)
 *fill*         0x0000000020002d98      0x400 
                0x0000000020003198                . = ALIGN (0x4)

/DISCARD/
 libc.a(*)
 libm.a(*)
 libgcc.a(*)

.ARM.attributes
                0x0000000000000000       0x29
 *(.ARM.attributes)
 .ARM.attributes
                0x0000000000000000       0x1d /opt/Atollic_TrueSTUDIO_for_STM32_x86_64_9.3.0/ARMTools/bin/../lib/gcc/arm-atollic-eabi/6.3.1/armv7-m/crti.o
 .ARM.attributes
                0x000000000000001d       0x2d /opt/Atollic_TrueSTUDIO_for_STM32_x86_64_9.3.0/ARMTools/bin/../lib/gcc/arm-atollic-eabi/6.3.1/armv7-m/crtbegin.o
 .ARM.attributes
                0x000000000000004a       0x33 Drivers/STM32F1xx_HAL_Driver/Src/stm32f1xx_hal.o
 .ARM.attributes
                0x000000000000007d       0x33 Drivers/STM32F1xx_HAL_Driver/Src/stm32f1xx_hal_cortex.o
 .ARM.attributes
                0x00000000000000b0       0x33 Drivers/STM32F1xx_HAL_Driver/Src/stm32f1xx_hal_gpio.o
 .ARM.attributes
                0x00000000000000e3       0x33 Drivers/STM32F1xx_HAL_Driver/Src/stm32f1xx_hal_i2c.o
 .ARM.attributes
                0x0000000000000116       0x33 Drivers/STM32F1xx_HAL_Driver/Src/stm32f1xx_hal_rcc.o
 .ARM.attributes
                0x0000000000000149       0x33 Drivers/STM32F1xx_HAL_Driver/Src/stm32f1xx_hal_uart.o
 .ARM.attributes
                0x000000000000017c       0x33 Src/MAX30102/MAX30102.o
 .ARM.attributes
                0x00000000000001af       0x33 Src/MAX30102/algorithm.o
 .ARM.attributes
                0x00000000000001e2       0x33 Src/gpio.o
 .ARM.attributes
                0x0000000000000215       0x33 Src/i2c.o
 .ARM.attributes
                0x0000000000000248       0x33 Src/main.o
 .ARM.attributes
                0x000000000000027b       0x33 Src/stm32f1xx_hal_msp.o
 .ARM.attributes
                0x00000000000002ae       0x33 Src/stm32f1xx_it.o
 .ARM.attributes
                0x00000000000002e1       0x33 Src/syscalls.o
 .ARM.attributes
                0x0000000000000314       0x33 Src/system_stm32f1xx.o
 .ARM.attributes
                0x0000000000000347       0x33 Src/usart.o
 .ARM.attributes
                0x000000000000037a       0x21 startup/startup_stm32f103xb.o
 .ARM.attributes
                0x000000000000039b       0x2d /opt/Atollic_TrueSTUDIO_for_STM32_x86_64_9.3.0/ARMTools/bin/../lib/gcc/arm-atollic-eabi/6.3.1/../../../../arm-atollic-eabi/lib/armv7-m/libc_nano.a(lib_a-errno.o)
 .ARM.attributes
                0x00000000000003c8       0x2d /opt/Atollic_TrueSTUDIO_for_STM32_x86_64_9.3.0/ARMTools/bin/../lib/gcc/arm-atollic-eabi/6.3.1/../../../../arm-atollic-eabi/lib/armv7-m/libc_nano.a(lib_a-impure.o)
 .ARM.attributes
                0x00000000000003f5       0x2d /opt/Atollic_TrueSTUDIO_for_STM32_x86_64_9.3.0/ARMTools/bin/../lib/gcc/arm-atollic-eabi/6.3.1/../../../../arm-atollic-eabi/lib/armv7-m/libc_nano.a(lib_a-init.o)
 .ARM.attributes
                0x0000000000000422       0x2d /opt/Atollic_TrueSTUDIO_for_STM32_x86_64_9.3.0/ARMTools/bin/../lib/gcc/arm-atollic-eabi/6.3.1/../../../../arm-atollic-eabi/lib/armv7-m/libc_nano.a(lib_a-memset.o)
 .ARM.attributes
                0x000000000000044f       0x2d /opt/Atollic_TrueSTUDIO_for_STM32_x86_64_9.3.0/ARMTools/bin/../lib/gcc/arm-atollic-eabi/6.3.1/../../../../arm-atollic-eabi/lib/armv7-m/libc_nano.a(lib_a-sprintf.o)
 .ARM.attributes
                0x000000000000047c       0x17 /opt/Atollic_TrueSTUDIO_for_STM32_x86_64_9.3.0/ARMTools/bin/../lib/gcc/arm-atollic-eabi/6.3.1/../../../../arm-atollic-eabi/lib/armv7-m/libc_nano.a(lib_a-strlen.o)
 .ARM.attributes
                0x0000000000000493       0x2d /opt/Atollic_TrueSTUDIO_for_STM32_x86_64_9.3.0/ARMTools/bin/../lib/gcc/arm-atollic-eabi/6.3.1/../../../../arm-atollic-eabi/lib/armv7-m/libc_nano.a(lib_a-nano-svfprintf.o)
 .ARM.attributes
                0x00000000000004c0       0x2d /opt/Atollic_TrueSTUDIO_for_STM32_x86_64_9.3.0/ARMTools/bin/../lib/gcc/arm-atollic-eabi/6.3.1/../../../../arm-atollic-eabi/lib/armv7-m/libc_nano.a(lib_a-nano-vfprintf_i.o)
 .ARM.attributes
                0x00000000000004ed       0x2d /opt/Atollic_TrueSTUDIO_for_STM32_x86_64_9.3.0/ARMTools/bin/../lib/gcc/arm-atollic-eabi/6.3.1/../../../../arm-atollic-eabi/lib/armv7-m/libc_nano.a(lib_a-memchr-stub.o)
 .ARM.attributes
                0x000000000000051a       0x2d /opt/Atollic_TrueSTUDIO_for_STM32_x86_64_9.3.0/ARMTools/bin/../lib/gcc/arm-atollic-eabi/6.3.1/../../../../arm-atollic-eabi/lib/armv7-m/libc_nano.a(lib_a-memcpy-stub.o)
 .ARM.attributes
                0x0000000000000547       0x2d /opt/Atollic_TrueSTUDIO_for_STM32_x86_64_9.3.0/ARMTools/bin/../lib/gcc/arm-atollic-eabi/6.3.1/../../../../arm-atollic-eabi/lib/armv7-m/libc_nano.a(lib_a-memmove.o)
 .ARM.attributes
                0x0000000000000574       0x2d /opt/Atollic_TrueSTUDIO_for_STM32_x86_64_9.3.0/ARMTools/bin/../lib/gcc/arm-atollic-eabi/6.3.1/../../../../arm-atollic-eabi/lib/armv7-m/libc_nano.a(lib_a-nano-freer.o)
 .ARM.attributes
                0x00000000000005a1       0x2d /opt/Atollic_TrueSTUDIO_for_STM32_x86_64_9.3.0/ARMTools/bin/../lib/gcc/arm-atollic-eabi/6.3.1/../../../../arm-atollic-eabi/lib/armv7-m/libc_nano.a(lib_a-nano-mallocr.o)
 .ARM.attributes
                0x00000000000005ce       0x2d /opt/Atollic_TrueSTUDIO_for_STM32_x86_64_9.3.0/ARMTools/bin/../lib/gcc/arm-atollic-eabi/6.3.1/../../../../arm-atollic-eabi/lib/armv7-m/libc_nano.a(lib_a-nano-reallocr.o)
 .ARM.attributes
                0x00000000000005fb       0x2d /opt/Atollic_TrueSTUDIO_for_STM32_x86_64_9.3.0/ARMTools/bin/../lib/gcc/arm-atollic-eabi/6.3.1/../../../../arm-atollic-eabi/lib/armv7-m/libc_nano.a(lib_a-sbrkr.o)
 .ARM.attributes
                0x0000000000000628       0x2d /opt/Atollic_TrueSTUDIO_for_STM32_x86_64_9.3.0/ARMTools/bin/../lib/gcc/arm-atollic-eabi/6.3.1/../../../../arm-atollic-eabi/lib/armv7-m/libc_nano.a(lib_a-mlock.o)
 .ARM.attributes
                0x0000000000000655       0x2d /opt/Atollic_TrueSTUDIO_for_STM32_x86_64_9.3.0/ARMTools/bin/../lib/gcc/arm-atollic-eabi/6.3.1/../../../../arm-atollic-eabi/lib/armv7-m/libc_nano.a(lib_a-nano-msizer.o)
 .ARM.attributes
                0x0000000000000682       0x2d /opt/Atollic_TrueSTUDIO_for_STM32_x86_64_9.3.0/ARMTools/bin/../lib/gcc/arm-atollic-eabi/6.3.1/../../../../arm-atollic-eabi/lib/armv7-m/libc_nano.a(lib_a-reent.o)
 .ARM.attributes
                0x00000000000006af       0x1d /opt/Atollic_TrueSTUDIO_for_STM32_x86_64_9.3.0/ARMTools/bin/../lib/gcc/arm-atollic-eabi/6.3.1/armv7-m/libgcc.a(_arm_addsubsf3.o)
 .ARM.attributes
                0x00000000000006cc       0x1d /opt/Atollic_TrueSTUDIO_for_STM32_x86_64_9.3.0/ARMTools/bin/../lib/gcc/arm-atollic-eabi/6.3.1/armv7-m/libgcc.a(_arm_muldivsf3.o)
 .ARM.attributes
                0x00000000000006e9       0x1d /opt/Atollic_TrueSTUDIO_for_STM32_x86_64_9.3.0/ARMTools/bin/../lib/gcc/arm-atollic-eabi/6.3.1/armv7-m/libgcc.a(_arm_fixsfsi.o)
 .ARM.attributes
                0x0000000000000706       0x1d /opt/Atollic_TrueSTUDIO_for_STM32_x86_64_9.3.0/ARMTools/bin/../lib/gcc/arm-atollic-eabi/6.3.1/armv7-m/crtn.o
OUTPUT(MAX30102_STM32_HAL.elf elf32-littlearm)

.debug_info     0x0000000000000000    0x13aa0
 .debug_info    0x0000000000000000      0xfc8 Drivers/STM32F1xx_HAL_Driver/Src/stm32f1xx_hal.o
 .debug_info    0x0000000000000fc8     0x14a9 Drivers/STM32F1xx_HAL_Driver/Src/stm32f1xx_hal_cortex.o
 .debug_info    0x0000000000002471      0xec2 Drivers/STM32F1xx_HAL_Driver/Src/stm32f1xx_hal_gpio.o
 .debug_info    0x0000000000003333     0x38ea Drivers/STM32F1xx_HAL_Driver/Src/stm32f1xx_hal_i2c.o
 .debug_info    0x0000000000006c1d     0x123d Drivers/STM32F1xx_HAL_Driver/Src/stm32f1xx_hal_rcc.o
 .debug_info    0x0000000000007e5a     0x1e46 Drivers/STM32F1xx_HAL_Driver/Src/stm32f1xx_hal_uart.o
 .debug_info    0x0000000000009ca0     0x1969 Src/MAX30102/MAX30102.o
 .debug_info    0x000000000000b609      0xfbb Src/MAX30102/algorithm.o
 .debug_info    0x000000000000c5c4      0xbf2 Src/gpio.o
 .debug_info    0x000000000000d1b6     0x10f1 Src/i2c.o
 .debug_info    0x000000000000e2a7     0x158f Src/main.o
 .debug_info    0x000000000000f836      0xad2 Src/stm32f1xx_hal_msp.o
 .debug_info    0x0000000000010308      0xa57 Src/stm32f1xx_it.o
 .debug_info    0x0000000000010d5f      0xfe1 Src/syscalls.o
 .debug_info    0x0000000000011d40      0xc4d Src/system_stm32f1xx.o
 .debug_info    0x000000000001298d     0x107d Src/usart.o
 .debug_info    0x0000000000013a0a       0x96 startup/startup_stm32f103xb.o

.debug_abbrev   0x0000000000000000     0x2b5c
 .debug_abbrev  0x0000000000000000      0x315 Drivers/STM32F1xx_HAL_Driver/Src/stm32f1xx_hal.o
 .debug_abbrev  0x0000000000000315      0x399 Drivers/STM32F1xx_HAL_Driver/Src/stm32f1xx_hal_cortex.o
 .debug_abbrev  0x00000000000006ae      0x268 Drivers/STM32F1xx_HAL_Driver/Src/stm32f1xx_hal_gpio.o
 .debug_abbrev  0x0000000000000916      0x3c1 Drivers/STM32F1xx_HAL_Driver/Src/stm32f1xx_hal_i2c.o
 .debug_abbrev  0x0000000000000cd7      0x367 Drivers/STM32F1xx_HAL_Driver/Src/stm32f1xx_hal_rcc.o
 .debug_abbrev  0x000000000000103e      0x364 Drivers/STM32F1xx_HAL_Driver/Src/stm32f1xx_hal_uart.o
 .debug_abbrev  0x00000000000013a2      0x321 Src/MAX30102/MAX30102.o
 .debug_abbrev  0x00000000000016c3      0x293 Src/MAX30102/algorithm.o
 .debug_abbrev  0x0000000000001956      0x1f9 Src/gpio.o
 .debug_abbrev  0x0000000000001b4f      0x24d Src/i2c.o
 .debug_abbrev  0x0000000000001d9c      0x2bd Src/main.o
 .debug_abbrev  0x0000000000002059      0x1bc Src/stm32f1xx_hal_msp.o
 .debug_abbrev  0x0000000000002215      0x224 Src/stm32f1xx_it.o
 .debug_abbrev  0x0000000000002439      0x2d9 Src/syscalls.o
 .debug_abbrev  0x0000000000002712      0x1eb Src/system_stm32f1xx.o
 .debug_abbrev  0x00000000000028fd      0x24d Src/usart.o
 .debug_abbrev  0x0000000000002b4a       0x12 startup/startup_stm32f103xb.o

.debug_loc      0x0000000000000000     0x64b2
 .debug_loc     0x0000000000000000      0x11b Drivers/STM32F1xx_HAL_Driver/Src/stm32f1xx_hal.o
 .debug_loc     0x000000000000011b      0x46b Drivers/STM32F1xx_HAL_Driver/Src/stm32f1xx_hal_cortex.o
 .debug_loc     0x0000000000000586      0x36a Drivers/STM32F1xx_HAL_Driver/Src/stm32f1xx_hal_gpio.o
 .debug_loc     0x00000000000008f0     0x2bdf Drivers/STM32F1xx_HAL_Driver/Src/stm32f1xx_hal_i2c.o
 .debug_loc     0x00000000000034cf      0x4c3 Drivers/STM32F1xx_HAL_Driver/Src/stm32f1xx_hal_rcc.o
 .debug_loc     0x0000000000003992     0x1311 Drivers/STM32F1xx_HAL_Driver/Src/stm32f1xx_hal_uart.o
 .debug_loc     0x0000000000004ca3      0x473 Src/MAX30102/MAX30102.o
 .debug_loc     0x0000000000005116      0xdcd Src/MAX30102/algorithm.o
 .debug_loc     0x0000000000005ee3       0x58 Src/i2c.o
 .debug_loc     0x0000000000005f3b       0x63 Src/main.o
 .debug_loc     0x0000000000005f9e      0x3ef Src/syscalls.o
 .debug_loc     0x000000000000638d       0xcd Src/system_stm32f1xx.o
 .debug_loc     0x000000000000645a       0x58 Src/usart.o

.debug_aranges  0x0000000000000000      0x8a8
 .debug_aranges
                0x0000000000000000       0xc8 Drivers/STM32F1xx_HAL_Driver/Src/stm32f1xx_hal.o
 .debug_aranges
                0x00000000000000c8       0x90 Drivers/STM32F1xx_HAL_Driver/Src/stm32f1xx_hal_cortex.o
 .debug_aranges
                0x0000000000000158       0x58 Drivers/STM32F1xx_HAL_Driver/Src/stm32f1xx_hal_gpio.o
 .debug_aranges
                0x00000000000001b0      0x190 Drivers/STM32F1xx_HAL_Driver/Src/stm32f1xx_hal_i2c.o
 .debug_aranges
                0x0000000000000340       0x88 Drivers/STM32F1xx_HAL_Driver/Src/stm32f1xx_hal_rcc.o
 .debug_aranges
                0x00000000000003c8      0x170 Drivers/STM32F1xx_HAL_Driver/Src/stm32f1xx_hal_uart.o
 .debug_aranges
                0x0000000000000538       0xf8 Src/MAX30102/MAX30102.o
 .debug_aranges
                0x0000000000000630       0x48 Src/MAX30102/algorithm.o
 .debug_aranges
                0x0000000000000678       0x20 Src/gpio.o
 .debug_aranges
                0x0000000000000698       0x30 Src/i2c.o
 .debug_aranges
                0x00000000000006c8       0x40 Src/main.o
 .debug_aranges
                0x0000000000000708       0x20 Src/stm32f1xx_hal_msp.o
 .debug_aranges
                0x0000000000000728       0x50 Src/stm32f1xx_it.o
 .debug_aranges
                0x0000000000000778       0xb0 Src/syscalls.o
 .debug_aranges
                0x0000000000000828       0x28 Src/system_stm32f1xx.o
 .debug_aranges
                0x0000000000000850       0x30 Src/usart.o
 .debug_aranges
                0x0000000000000880       0x28 startup/startup_stm32f103xb.o

.debug_ranges   0x0000000000000000      0xc68
 .debug_ranges  0x0000000000000000       0xb8 Drivers/STM32F1xx_HAL_Driver/Src/stm32f1xx_hal.o
 .debug_ranges  0x00000000000000b8      0x128 Drivers/STM32F1xx_HAL_Driver/Src/stm32f1xx_hal_cortex.o
 .debug_ranges  0x00000000000001e0       0x60 Drivers/STM32F1xx_HAL_Driver/Src/stm32f1xx_hal_gpio.o
 .debug_ranges  0x0000000000000240      0x438 Drivers/STM32F1xx_HAL_Driver/Src/stm32f1xx_hal_i2c.o
 .debug_ranges  0x0000000000000678       0xa0 Drivers/STM32F1xx_HAL_Driver/Src/stm32f1xx_hal_rcc.o
 .debug_ranges  0x0000000000000718      0x190 Drivers/STM32F1xx_HAL_Driver/Src/stm32f1xx_hal_uart.o
 .debug_ranges  0x00000000000008a8      0x100 Src/MAX30102/MAX30102.o
 .debug_ranges  0x00000000000009a8       0x38 Src/MAX30102/algorithm.o
 .debug_ranges  0x00000000000009e0       0x68 Src/gpio.o
 .debug_ranges  0x0000000000000a48       0x40 Src/i2c.o
 .debug_ranges  0x0000000000000a88       0x30 Src/main.o
 .debug_ranges  0x0000000000000ab8       0x58 Src/stm32f1xx_hal_msp.o
 .debug_ranges  0x0000000000000b10       0x40 Src/stm32f1xx_it.o
 .debug_ranges  0x0000000000000b50       0xa0 Src/syscalls.o
 .debug_ranges  0x0000000000000bf0       0x18 Src/system_stm32f1xx.o
 .debug_ranges  0x0000000000000c08       0x40 Src/usart.o
 .debug_ranges  0x0000000000000c48       0x20 startup/startup_stm32f103xb.o

.debug_line     0x0000000000000000     0x5d51
 .debug_line    0x0000000000000000      0x43e Drivers/STM32F1xx_HAL_Driver/Src/stm32f1xx_hal.o
 .debug_line    0x000000000000043e      0x448 Drivers/STM32F1xx_HAL_Driver/Src/stm32f1xx_hal_cortex.o
 .debug_line    0x0000000000000886      0x43d Drivers/STM32F1xx_HAL_Driver/Src/stm32f1xx_hal_gpio.o
 .debug_line    0x0000000000000cc3     0x1a6a Drivers/STM32F1xx_HAL_Driver/Src/stm32f1xx_hal_i2c.o
 .debug_line    0x000000000000272d      0x618 Drivers/STM32F1xx_HAL_Driver/Src/stm32f1xx_hal_rcc.o
 .debug_line    0x0000000000002d45      0xc24 Drivers/STM32F1xx_HAL_Driver/Src/stm32f1xx_hal_uart.o
 .debug_line    0x0000000000003969      0x5e7 Src/MAX30102/MAX30102.o
 .debug_line    0x0000000000003f50      0x573 Src/MAX30102/algorithm.o
 .debug_line    0x00000000000044c3      0x285 Src/gpio.o
 .debug_line    0x0000000000004748      0x30a Src/i2c.o
 .debug_line    0x0000000000004a52      0x419 Src/main.o
 .debug_line    0x0000000000004e6b      0x262 Src/stm32f1xx_hal_msp.o
 .debug_line    0x00000000000050cd      0x2bc Src/stm32f1xx_it.o
 .debug_line    0x0000000000005389      0x394 Src/syscalls.o
 .debug_line    0x000000000000571d      0x29e Src/system_stm32f1xx.o
 .debug_line    0x00000000000059bb      0x319 Src/usart.o
 .debug_line    0x0000000000005cd4       0x7d startup/startup_stm32f103xb.o

.debug_str      0x0000000000000000     0x321d
 .debug_str     0x0000000000000000      0xbbb Drivers/STM32F1xx_HAL_Driver/Src/stm32f1xx_hal.o
                                        0xc8c (size before relaxing)
 .debug_str     0x0000000000000bbb      0x2e1 Drivers/STM32F1xx_HAL_Driver/Src/stm32f1xx_hal_cortex.o
                                        0xdb4 (size before relaxing)
 .debug_str     0x0000000000000e9c      0x1cb Drivers/STM32F1xx_HAL_Driver/Src/stm32f1xx_hal_gpio.o
                                        0x921 (size before relaxing)
 .debug_str     0x0000000000001067      0xc39 Drivers/STM32F1xx_HAL_Driver/Src/stm32f1xx_hal_i2c.o
                                       0x13b7 (size before relaxing)
 .debug_str     0x0000000000001ca0      0x306 Drivers/STM32F1xx_HAL_Driver/Src/stm32f1xx_hal_rcc.o
                                        0xaff (size before relaxing)
 .debug_str     0x0000000000001fa6      0x6cd Drivers/STM32F1xx_HAL_Driver/Src/stm32f1xx_hal_uart.o
                                       0x1069 (size before relaxing)
 .debug_str     0x0000000000002673      0x48c Src/MAX30102/MAX30102.o
                                       0x100f (size before relaxing)
 .debug_str     0x0000000000002aff      0x2b7 Src/MAX30102/algorithm.o
                                        0x9aa (size before relaxing)
 .debug_str     0x0000000000002db6       0x2b Src/gpio.o
                                        0x79a (size before relaxing)
 .debug_str     0x0000000000002de1       0x32 Src/i2c.o
                                        0xc3f (size before relaxing)
 .debug_str     0x0000000000002e13       0x79 Src/main.o
                                       0x1236 (size before relaxing)
 .debug_str     0x0000000000002e8c       0x1b Src/stm32f1xx_hal_msp.o
                                        0x735 (size before relaxing)
 .debug_str     0x0000000000002ea7       0xb9 Src/stm32f1xx_it.o
                                        0x78c (size before relaxing)
 .debug_str     0x0000000000002f60      0x256 Src/syscalls.o
                                        0x875 (size before relaxing)
 .debug_str     0x00000000000031b6       0x4d Src/system_stm32f1xx.o
                                        0x78a (size before relaxing)
 .debug_str     0x0000000000003203       0x1a Src/usart.o
                                        0xb69 (size before relaxing)

.comment        0x0000000000000000       0x7c
 .comment       0x0000000000000000       0x7c Drivers/STM32F1xx_HAL_Driver/Src/stm32f1xx_hal.o
                                         0x7d (size before relaxing)
 .comment       0x000000000000007c       0x7d Drivers/STM32F1xx_HAL_Driver/Src/stm32f1xx_hal_cortex.o
 .comment       0x000000000000007c       0x7d Drivers/STM32F1xx_HAL_Driver/Src/stm32f1xx_hal_gpio.o
 .comment       0x000000000000007c       0x7d Drivers/STM32F1xx_HAL_Driver/Src/stm32f1xx_hal_i2c.o
 .comment       0x000000000000007c       0x7d Drivers/STM32F1xx_HAL_Driver/Src/stm32f1xx_hal_rcc.o
 .comment       0x000000000000007c       0x7d Drivers/STM32F1xx_HAL_Driver/Src/stm32f1xx_hal_uart.o
 .comment       0x000000000000007c       0x7d Src/MAX30102/MAX30102.o
 .comment       0x000000000000007c       0x7d Src/MAX30102/algorithm.o
 .comment       0x000000000000007c       0x7d Src/gpio.o
 .comment       0x000000000000007c       0x7d Src/i2c.o
 .comment       0x000000000000007c       0x7d Src/main.o
 .comment       0x000000000000007c       0x7d Src/stm32f1xx_hal_msp.o
 .comment       0x000000000000007c       0x7d Src/stm32f1xx_it.o
 .comment       0x000000000000007c       0x7d Src/syscalls.o
 .comment       0x000000000000007c       0x7d Src/system_stm32f1xx.o
 .comment       0x000000000000007c       0x7d Src/usart.o

.debug_frame    0x0000000000000000     0x1c78
 .debug_frame   0x0000000000000000      0x1b0 Drivers/STM32F1xx_HAL_Driver/Src/stm32f1xx_hal.o
 .debug_frame   0x00000000000001b0      0x120 Drivers/STM32F1xx_HAL_Driver/Src/stm32f1xx_hal_cortex.o
 .debug_frame   0x00000000000002d0       0xd4 Drivers/STM32F1xx_HAL_Driver/Src/stm32f1xx_hal_gpio.o
 .debug_frame   0x00000000000003a4      0x684 Drivers/STM32F1xx_HAL_Driver/Src/stm32f1xx_hal_i2c.o
 .debug_frame   0x0000000000000a28      0x150 Drivers/STM32F1xx_HAL_Driver/Src/stm32f1xx_hal_rcc.o
 .debug_frame   0x0000000000000b78      0x4a0 Drivers/STM32F1xx_HAL_Driver/Src/stm32f1xx_hal_uart.o
 .debug_frame   0x0000000000001018      0x2e0 Src/MAX30102/MAX30102.o
 .debug_frame   0x00000000000012f8       0xfc Src/MAX30102/algorithm.o
 .debug_frame   0x00000000000013f4       0x30 Src/gpio.o
 .debug_frame   0x0000000000001424       0x60 Src/i2c.o
 .debug_frame   0x0000000000001484       0x80 Src/main.o
 .debug_frame   0x0000000000001504       0x28 Src/stm32f1xx_hal_msp.o
 .debug_frame   0x000000000000152c       0xb0 Src/stm32f1xx_it.o
 .debug_frame   0x00000000000015dc      0x1a8 Src/syscalls.o
 .debug_frame   0x0000000000001784       0x30 Src/system_stm32f1xx.o
 .debug_frame   0x00000000000017b4       0x60 Src/usart.o
 .debug_frame   0x0000000000001814       0x20 /opt/Atollic_TrueSTUDIO_for_STM32_x86_64_9.3.0/ARMTools/bin/../lib/gcc/arm-atollic-eabi/6.3.1/../../../../arm-atollic-eabi/lib/armv7-m/libc_nano.a(lib_a-errno.o)
 .debug_frame   0x0000000000001834       0x2c /opt/Atollic_TrueSTUDIO_for_STM32_x86_64_9.3.0/ARMTools/bin/../lib/gcc/arm-atollic-eabi/6.3.1/../../../../arm-atollic-eabi/lib/armv7-m/libc_nano.a(lib_a-init.o)
 .debug_frame   0x0000000000001860       0x20 /opt/Atollic_TrueSTUDIO_for_STM32_x86_64_9.3.0/ARMTools/bin/../lib/gcc/arm-atollic-eabi/6.3.1/../../../../arm-atollic-eabi/lib/armv7-m/libc_nano.a(lib_a-memset.o)
 .debug_frame   0x0000000000001880       0x70 /opt/Atollic_TrueSTUDIO_for_STM32_x86_64_9.3.0/ARMTools/bin/../lib/gcc/arm-atollic-eabi/6.3.1/../../../../arm-atollic-eabi/lib/armv7-m/libc_nano.a(lib_a-sprintf.o)
 .debug_frame   0x00000000000018f0       0x90 /opt/Atollic_TrueSTUDIO_for_STM32_x86_64_9.3.0/ARMTools/bin/../lib/gcc/arm-atollic-eabi/6.3.1/../../../../arm-atollic-eabi/lib/armv7-m/libc_nano.a(lib_a-nano-svfprintf.o)
 .debug_frame   0x0000000000001980       0x60 /opt/Atollic_TrueSTUDIO_for_STM32_x86_64_9.3.0/ARMTools/bin/../lib/gcc/arm-atollic-eabi/6.3.1/../../../../arm-atollic-eabi/lib/armv7-m/libc_nano.a(lib_a-nano-vfprintf_i.o)
 .debug_frame   0x00000000000019e0       0x28 /opt/Atollic_TrueSTUDIO_for_STM32_x86_64_9.3.0/ARMTools/bin/../lib/gcc/arm-atollic-eabi/6.3.1/../../../../arm-atollic-eabi/lib/armv7-m/libc_nano.a(lib_a-memchr-stub.o)
 .debug_frame   0x0000000000001a08       0x28 /opt/Atollic_TrueSTUDIO_for_STM32_x86_64_9.3.0/ARMTools/bin/../lib/gcc/arm-atollic-eabi/6.3.1/../../../../arm-atollic-eabi/lib/armv7-m/libc_nano.a(lib_a-memcpy-stub.o)
 .debug_frame   0x0000000000001a30       0x28 /opt/Atollic_TrueSTUDIO_for_STM32_x86_64_9.3.0/ARMTools/bin/../lib/gcc/arm-atollic-eabi/6.3.1/../../../../arm-atollic-eabi/lib/armv7-m/libc_nano.a(lib_a-memmove.o)
 .debug_frame   0x0000000000001a58       0x38 /opt/Atollic_TrueSTUDIO_for_STM32_x86_64_9.3.0/ARMTools/bin/../lib/gcc/arm-atollic-eabi/6.3.1/../../../../arm-atollic-eabi/lib/armv7-m/libc_nano.a(lib_a-nano-freer.o)
 .debug_frame   0x0000000000001a90       0x2c /opt/Atollic_TrueSTUDIO_for_STM32_x86_64_9.3.0/ARMTools/bin/../lib/gcc/arm-atollic-eabi/6.3.1/../../../../arm-atollic-eabi/lib/armv7-m/libc_nano.a(lib_a-nano-mallocr.o)
 .debug_frame   0x0000000000001abc       0x3c /opt/Atollic_TrueSTUDIO_for_STM32_x86_64_9.3.0/ARMTools/bin/../lib/gcc/arm-atollic-eabi/6.3.1/../../../../arm-atollic-eabi/lib/armv7-m/libc_nano.a(lib_a-nano-reallocr.o)
 .debug_frame   0x0000000000001af8       0x2c /opt/Atollic_TrueSTUDIO_for_STM32_x86_64_9.3.0/ARMTools/bin/../lib/gcc/arm-atollic-eabi/6.3.1/../../../../arm-atollic-eabi/lib/armv7-m/libc_nano.a(lib_a-sbrkr.o)
 .debug_frame   0x0000000000001b24       0x30 /opt/Atollic_TrueSTUDIO_for_STM32_x86_64_9.3.0/ARMTools/bin/../lib/gcc/arm-atollic-eabi/6.3.1/../../../../arm-atollic-eabi/lib/armv7-m/libc_nano.a(lib_a-mlock.o)
 .debug_frame   0x0000000000001b54       0x20 /opt/Atollic_TrueSTUDIO_for_STM32_x86_64_9.3.0/ARMTools/bin/../lib/gcc/arm-atollic-eabi/6.3.1/../../../../arm-atollic-eabi/lib/armv7-m/libc_nano.a(lib_a-nano-msizer.o)
 .debug_frame   0x0000000000001b74       0x5c /opt/Atollic_TrueSTUDIO_for_STM32_x86_64_9.3.0/ARMTools/bin/../lib/gcc/arm-atollic-eabi/6.3.1/../../../../arm-atollic-eabi/lib/armv7-m/libc_nano.a(lib_a-reent.o)
 .debug_frame   0x0000000000001bd0       0x4c /opt/Atollic_TrueSTUDIO_for_STM32_x86_64_9.3.0/ARMTools/bin/../lib/gcc/arm-atollic-eabi/6.3.1/armv7-m/libgcc.a(_arm_addsubsf3.o)
 .debug_frame   0x0000000000001c1c       0x38 /opt/Atollic_TrueSTUDIO_for_STM32_x86_64_9.3.0/ARMTools/bin/../lib/gcc/arm-atollic-eabi/6.3.1/armv7-m/libgcc.a(_arm_muldivsf3.o)
 .debug_frame   0x0000000000001c54       0x24 /opt/Atollic_TrueSTUDIO_for_STM32_x86_64_9.3.0/ARMTools/bin/../lib/gcc/arm-atollic-eabi/6.3.1/armv7-m/libgcc.a(_arm_fixsfsi.o)
